{liftTicketType: 1jour, usageDate: Tue Aug 15 00:00:00 EDT 2023, skierAge: 1} => { "cost": 35}
{liftTicketType: 1jour, usageDate: Tue Aug 15 00:00:00 EDT 2023, skierAge: 2} => { "cost": 35}
{liftTicketType: 1jour, usageDate: Tue Aug 15 00:00:00 EDT 2023, skierAge: 3} => { "cost": 35}
{liftTicketType: 1jour, usageDate: Tue Aug 15 00:00:00 EDT 2023, skierAge: 4} => { "cost": 35}
{liftTicketType: 1jour, usageDate: Tue Aug 15 00:00:00 EDT 2023, skierAge: 5} => { "cost": 35}
{liftTicketType: 1jour, usageDate: Tue Aug 15 00:00:00 EDT 2023, skierAge: 6} => { "cost": 35}
{liftTicketType: 1jour, usageDate: Tue Aug 15 00:00:00 EDT 2023, skierAge: 7} => { "cost": 35}
{liftTicketType: 1jour, usageDate: Tue Aug 15 00:00:00 EDT 2023, skierAge: 8} => { "cost": 35}
{liftTicketType: 1jour, usageDate: Tue Aug 15 00:00:00 EDT 2023, skierAge: 9} => { "cost": 35}
{liftTicketType: 1jour, usageDate: Tue Aug 15 00:00:00 EDT 2023, skierAge: 10} => { "cost": 35}
{liftTicketType: 1jour, usageDate: Tue Aug 15 00:00:00 EDT 2023, skierAge: 11} => { "cost": 35}
{liftTicketType: 1jour, usageDate: Tue Aug 15 00:00:00 EDT 2023, skierAge: 12} => { "cost": 35}
{liftTicketType: 1jour, usageDate: Tue Aug 15 00:00:00 EDT 2023, skierAge: 13} => { "cost": 35}
{liftTicketType: 1jour, usageDate: Tue Aug 15 00:00:00 EDT 2023, skierAge: 14} => { "cost": 35}
{liftTicketType: 1jour, usageDate: Tue Aug 15 00:00:00 EDT 2023, skierAge: 15} => { "cost": 35}
{liftTicketType: 1jour, usageDate: Tue Aug 15 00:00:00 EDT 2023, skierAge: 16} => { "cost": 35}
{liftTicketType: 1jour, usageDate: Tue Aug 15 00:00:00 EDT 2023, skierAge: 17} => { "cost": 35}
{liftTicketType: 1jour, usageDate: Tue Aug 15 00:00:00 EDT 2023, skierAge: 18} => { "cost": 35}
{liftTicketType: 1jour, usageDate: Tue Aug 15 00:00:00 EDT 2023, skierAge: 19} => { "cost": 35}
{liftTicketType: 1jour, usageDate: Tue Aug 15 00:00:00 EDT 2023, skierAge: 20} => { "cost": 35}
{liftTicketType: 1jour, usageDate: Tue Aug 15 00:00:00 EDT 2023, skierAge: 21} => { "cost": 35}
{liftTicketType: 1jour, usageDate: Tue Aug 15 00:00:00 EDT 2023, skierAge: 22} => { "cost": 35}
{liftTicketType: 1jour, usageDate: Tue Aug 15 00:00:00 EDT 2023, skierAge: 23} => { "cost": 35}
{liftTicketType: 1jour, usageDate: Tue Aug 15 00:00:00 EDT 2023, skierAge: 24} => { "cost": 35}
{liftTicketType: 1jour, usageDate: Tue Aug 15 00:00:00 EDT 2023, skierAge: 25} => { "cost": 35}
{liftTicketType: 1jour, usageDate: Tue Aug 15 00:00:00 EDT 2023, skierAge: 26} => { "cost": 35}
{liftTicketType: 1jour, usageDate: Tue Aug 15 00:00:00 EDT 2023, skierAge: 27} => { "cost": 35}
{liftTicketType: 1jour, usageDate: Tue Aug 15 00:00:00 EDT 2023, skierAge: 28} => { "cost": 35}
{liftTicketType: 1jour, usageDate: Tue Aug 15 00:00:00 EDT 2023, skierAge: 29} => { "cost": 35}
{liftTicketType: 1jour, usageDate: Tue Aug 15 00:00:00 EDT 2023, skierAge: 30} => { "cost": 35}
{liftTicketType: 1jour, usageDate: Tue Aug 15 00:00:00 EDT 2023, skierAge: 31} => { "cost": 35}
{liftTicketType: 1jour, usageDate: Tue Aug 15 00:00:00 EDT 2023, skierAge: 32} => { "cost": 35}
{liftTicketType: 1jour, usageDate: Tue Aug 15 00:00:00 EDT 2023, skierAge: 33} => { "cost": 35}
{liftTicketType: 1jour, usageDate: Tue Aug 15 00:00:00 EDT 2023, skierAge: 34} => { "cost": 35}
{liftTicketType: 1jour, usageDate: Tue Aug 15 00:00:00 EDT 2023, skierAge: 35} => { "cost": 35}
{liftTicketType: 1jour, usageDate: Tue Aug 15 00:00:00 EDT 2023, skierAge: 36} => { "cost": 35}
{liftTicketType: 1jour, usageDate: Tue Aug 15 00:00:00 EDT 2023, skierAge: 37} => { "cost": 35}
{liftTicketType: 1jour, usageDate: Tue Aug 15 00:00:00 EDT 2023, skierAge: 38} => { "cost": 35}
{liftTicketType: 1jour, usageDate: Tue Aug 15 00:00:00 EDT 2023, skierAge: 39} => { "cost": 35}
{liftTicketType: 1jour, usageDate: Tue Aug 15 00:00:00 EDT 2023, skierAge: 40} => { "cost": 35}
{liftTicketType: 1jour, usageDate: Tue Aug 15 00:00:00 EDT 2023, skierAge: 41} => { "cost": 35}
{liftTicketType: 1jour, usageDate: Tue Aug 15 00:00:00 EDT 2023, skierAge: 42} => { "cost": 35}
{liftTicketType: 1jour, usageDate: Tue Aug 15 00:00:00 EDT 2023, skierAge: 43} => { "cost": 35}
{liftTicketType: 1jour, usageDate: Tue Aug 15 00:00:00 EDT 2023, skierAge: 44} => { "cost": 35}
{liftTicketType: 1jour, usageDate: Tue Aug 15 00:00:00 EDT 2023, skierAge: 45} => { "cost": 35}
{liftTicketType: 1jour, usageDate: Tue Aug 15 00:00:00 EDT 2023, skierAge: 46} => { "cost": 35}
{liftTicketType: 1jour, usageDate: Tue Aug 15 00:00:00 EDT 2023, skierAge: 47} => { "cost": 35}
{liftTicketType: 1jour, usageDate: Tue Aug 15 00:00:00 EDT 2023, skierAge: 48} => { "cost": 35}
{liftTicketType: 1jour, usageDate: Tue Aug 15 00:00:00 EDT 2023, skierAge: 49} => { "cost": 35}
{liftTicketType: 1jour, usageDate: Tue Aug 15 00:00:00 EDT 2023, skierAge: 50} => { "cost": 35}
{liftTicketType: 1jour, usageDate: Tue Aug 15 00:00:00 EDT 2023, skierAge: 51} => { "cost": 35}
{liftTicketType: 1jour, usageDate: Tue Aug 15 00:00:00 EDT 2023, skierAge: 52} => { "cost": 35}
{liftTicketType: 1jour, usageDate: Tue Aug 15 00:00:00 EDT 2023, skierAge: 53} => { "cost": 35}
{liftTicketType: 1jour, usageDate: Tue Aug 15 00:00:00 EDT 2023, skierAge: 54} => { "cost": 35}
{liftTicketType: 1jour, usageDate: Tue Aug 15 00:00:00 EDT 2023, skierAge: 55} => { "cost": 35}
{liftTicketType: 1jour, usageDate: Tue Aug 15 00:00:00 EDT 2023, skierAge: 56} => { "cost": 35}
{liftTicketType: 1jour, usageDate: Tue Aug 15 00:00:00 EDT 2023, skierAge: 57} => { "cost": 35}
{liftTicketType: 1jour, usageDate: Tue Aug 15 00:00:00 EDT 2023, skierAge: 58} => { "cost": 35}
{liftTicketType: 1jour, usageDate: Tue Aug 15 00:00:00 EDT 2023, skierAge: 59} => { "cost": 35}
{liftTicketType: 1jour, usageDate: Tue Aug 15 00:00:00 EDT 2023, skierAge: 60} => { "cost": 35}
{liftTicketType: 1jour, usageDate: Tue Aug 15 00:00:00 EDT 2023, skierAge: 61} => { "cost": 35}
{liftTicketType: 1jour, usageDate: Tue Aug 15 00:00:00 EDT 2023, skierAge: 62} => { "cost": 35}
{liftTicketType: 1jour, usageDate: Tue Aug 15 00:00:00 EDT 2023, skierAge: 63} => { "cost": 35}
{liftTicketType: 1jour, usageDate: Tue Aug 15 00:00:00 EDT 2023, skierAge: 64} => { "cost": 35}
{liftTicketType: 1jour, usageDate: Tue Aug 15 00:00:00 EDT 2023, skierAge: 65} => { "cost": 35}
{liftTicketType: 1jour, usageDate: Tue Aug 15 00:00:00 EDT 2023, skierAge: 66} => { "cost": 35}
{liftTicketType: 1jour, usageDate: Tue Aug 15 00:00:00 EDT 2023, skierAge: 67} => { "cost": 35}
{liftTicketType: 1jour, usageDate: Tue Aug 15 00:00:00 EDT 2023, skierAge: 68} => { "cost": 35}
{liftTicketType: 1jour, usageDate: Tue Aug 15 00:00:00 EDT 2023, skierAge: 69} => { "cost": 35}
{liftTicketType: 1jour, usageDate: Tue Aug 15 00:00:00 EDT 2023, skierAge: 70} => { "cost": 35}
{liftTicketType: night, usageDate: Tue Aug 15 00:00:00 EDT 2023, skierAge: 1} => { "cost": 19}
{liftTicketType: night, usageDate: Tue Aug 15 00:00:00 EDT 2023, skierAge: 2} => { "cost": 19}
{liftTicketType: night, usageDate: Tue Aug 15 00:00:00 EDT 2023, skierAge: 3} => { "cost": 19}
{liftTicketType: night, usageDate: Tue Aug 15 00:00:00 EDT 2023, skierAge: 4} => { "cost": 19}
{liftTicketType: night, usageDate: Tue Aug 15 00:00:00 EDT 2023, skierAge: 5} => { "cost": 19}
{liftTicketType: night, usageDate: Tue Aug 15 00:00:00 EDT 2023, skierAge: 6} => { "cost": 19}
{liftTicketType: night, usageDate: Tue Aug 15 00:00:00 EDT 2023, skierAge: 7} => { "cost": 19}
{liftTicketType: night, usageDate: Tue Aug 15 00:00:00 EDT 2023, skierAge: 8} => { "cost": 19}
{liftTicketType: night, usageDate: Tue Aug 15 00:00:00 EDT 2023, skierAge: 9} => { "cost": 19}
{liftTicketType: night, usageDate: Tue Aug 15 00:00:00 EDT 2023, skierAge: 10} => { "cost": 19}
{liftTicketType: night, usageDate: Tue Aug 15 00:00:00 EDT 2023, skierAge: 11} => { "cost": 19}
{liftTicketType: night, usageDate: Tue Aug 15 00:00:00 EDT 2023, skierAge: 12} => { "cost": 19}
{liftTicketType: night, usageDate: Tue Aug 15 00:00:00 EDT 2023, skierAge: 13} => { "cost": 19}
{liftTicketType: night, usageDate: Tue Aug 15 00:00:00 EDT 2023, skierAge: 14} => { "cost": 19}
{liftTicketType: night, usageDate: Tue Aug 15 00:00:00 EDT 2023, skierAge: 15} => { "cost": 19}
{liftTicketType: night, usageDate: Tue Aug 15 00:00:00 EDT 2023, skierAge: 16} => { "cost": 19}
{liftTicketType: night, usageDate: Tue Aug 15 00:00:00 EDT 2023, skierAge: 17} => { "cost": 19}
{liftTicketType: night, usageDate: Tue Aug 15 00:00:00 EDT 2023, skierAge: 18} => { "cost": 19}
{liftTicketType: night, usageDate: Tue Aug 15 00:00:00 EDT 2023, skierAge: 19} => { "cost": 19}
{liftTicketType: night, usageDate: Tue Aug 15 00:00:00 EDT 2023, skierAge: 20} => { "cost": 19}
{liftTicketType: night, usageDate: Tue Aug 15 00:00:00 EDT 2023, skierAge: 21} => { "cost": 19}
{liftTicketType: night, usageDate: Tue Aug 15 00:00:00 EDT 2023, skierAge: 22} => { "cost": 19}
{liftTicketType: night, usageDate: Tue Aug 15 00:00:00 EDT 2023, skierAge: 23} => { "cost": 19}
{liftTicketType: night, usageDate: Tue Aug 15 00:00:00 EDT 2023, skierAge: 24} => { "cost": 19}
{liftTicketType: night, usageDate: Tue Aug 15 00:00:00 EDT 2023, skierAge: 25} => { "cost": 19}
{liftTicketType: night, usageDate: Tue Aug 15 00:00:00 EDT 2023, skierAge: 26} => { "cost": 19}
{liftTicketType: night, usageDate: Tue Aug 15 00:00:00 EDT 2023, skierAge: 27} => { "cost": 19}
{liftTicketType: night, usageDate: Tue Aug 15 00:00:00 EDT 2023, skierAge: 28} => { "cost": 19}
{liftTicketType: night, usageDate: Tue Aug 15 00:00:00 EDT 2023, skierAge: 29} => { "cost": 19}
{liftTicketType: night, usageDate: Tue Aug 15 00:00:00 EDT 2023, skierAge: 30} => { "cost": 19}
{liftTicketType: night, usageDate: Tue Aug 15 00:00:00 EDT 2023, skierAge: 31} => { "cost": 19}
{liftTicketType: night, usageDate: Tue Aug 15 00:00:00 EDT 2023, skierAge: 32} => { "cost": 19}
{liftTicketType: night, usageDate: Tue Aug 15 00:00:00 EDT 2023, skierAge: 33} => { "cost": 19}
{liftTicketType: night, usageDate: Tue Aug 15 00:00:00 EDT 2023, skierAge: 34} => { "cost": 19}
{liftTicketType: night, usageDate: Tue Aug 15 00:00:00 EDT 2023, skierAge: 35} => { "cost": 19}
{liftTicketType: night, usageDate: Tue Aug 15 00:00:00 EDT 2023, skierAge: 36} => { "cost": 19}
{liftTicketType: night, usageDate: Tue Aug 15 00:00:00 EDT 2023, skierAge: 37} => { "cost": 19}
{liftTicketType: night, usageDate: Tue Aug 15 00:00:00 EDT 2023, skierAge: 38} => { "cost": 19}
{liftTicketType: night, usageDate: Tue Aug 15 00:00:00 EDT 2023, skierAge: 39} => { "cost": 19}
{liftTicketType: night, usageDate: Tue Aug 15 00:00:00 EDT 2023, skierAge: 40} => { "cost": 19}
{liftTicketType: night, usageDate: Tue Aug 15 00:00:00 EDT 2023, skierAge: 41} => { "cost": 19}
{liftTicketType: night, usageDate: Tue Aug 15 00:00:00 EDT 2023, skierAge: 42} => { "cost": 19}
{liftTicketType: night, usageDate: Tue Aug 15 00:00:00 EDT 2023, skierAge: 43} => { "cost": 19}
{liftTicketType: night, usageDate: Tue Aug 15 00:00:00 EDT 2023, skierAge: 44} => { "cost": 19}
{liftTicketType: night, usageDate: Tue Aug 15 00:00:00 EDT 2023, skierAge: 45} => { "cost": 19}
{liftTicketType: night, usageDate: Tue Aug 15 00:00:00 EDT 2023, skierAge: 46} => { "cost": 19}
{liftTicketType: night, usageDate: Tue Aug 15 00:00:00 EDT 2023, skierAge: 47} => { "cost": 19}
{liftTicketType: night, usageDate: Tue Aug 15 00:00:00 EDT 2023, skierAge: 48} => { "cost": 19}
{liftTicketType: night, usageDate: Tue Aug 15 00:00:00 EDT 2023, skierAge: 49} => { "cost": 19}
{liftTicketType: night, usageDate: Tue Aug 15 00:00:00 EDT 2023, skierAge: 50} => { "cost": 19}
{liftTicketType: night, usageDate: Tue Aug 15 00:00:00 EDT 2023, skierAge: 51} => { "cost": 19}
{liftTicketType: night, usageDate: Tue Aug 15 00:00:00 EDT 2023, skierAge: 52} => { "cost": 19}
{liftTicketType: night, usageDate: Tue Aug 15 00:00:00 EDT 2023, skierAge: 53} => { "cost": 19}
{liftTicketType: night, usageDate: Tue Aug 15 00:00:00 EDT 2023, skierAge: 54} => { "cost": 19}
{liftTicketType: night, usageDate: Tue Aug 15 00:00:00 EDT 2023, skierAge: 55} => { "cost": 19}
{liftTicketType: night, usageDate: Tue Aug 15 00:00:00 EDT 2023, skierAge: 56} => { "cost": 19}
{liftTicketType: night, usageDate: Tue Aug 15 00:00:00 EDT 2023, skierAge: 57} => { "cost": 19}
{liftTicketType: night, usageDate: Tue Aug 15 00:00:00 EDT 2023, skierAge: 58} => { "cost": 19}
{liftTicketType: night, usageDate: Tue Aug 15 00:00:00 EDT 2023, skierAge: 59} => { "cost": 19}
{liftTicketType: night, usageDate: Tue Aug 15 00:00:00 EDT 2023, skierAge: 60} => { "cost": 19}
{liftTicketType: night, usageDate: Tue Aug 15 00:00:00 EDT 2023, skierAge: 61} => { "cost": 19}
{liftTicketType: night, usageDate: Tue Aug 15 00:00:00 EDT 2023, skierAge: 62} => { "cost": 19}
{liftTicketType: night, usageDate: Tue Aug 15 00:00:00 EDT 2023, skierAge: 63} => { "cost": 19}
{liftTicketType: night, usageDate: Tue Aug 15 00:00:00 EDT 2023, skierAge: 64} => { "cost": 19}
{liftTicketType: night, usageDate: Tue Aug 15 00:00:00 EDT 2023, skierAge: 65} => { "cost": 19}
{liftTicketType: night, usageDate: Tue Aug 15 00:00:00 EDT 2023, skierAge: 66} => { "cost": 19}
{liftTicketType: night, usageDate: Tue Aug 15 00:00:00 EDT 2023, skierAge: 67} => { "cost": 19}
{liftTicketType: night, usageDate: Tue Aug 15 00:00:00 EDT 2023, skierAge: 68} => { "cost": 19}
{liftTicketType: night, usageDate: Tue Aug 15 00:00:00 EDT 2023, skierAge: 69} => { "cost": 19}
{liftTicketType: night, usageDate: Tue Aug 15 00:00:00 EDT 2023, skierAge: 70} => { "cost": 19}
{liftTicketType: 1jour, usageDate: Mon Dec 25 00:00:00 EST 2023, skierAge: 1} => { "cost": 35}
{liftTicketType: 1jour, usageDate: Mon Dec 25 00:00:00 EST 2023, skierAge: 2} => { "cost": 35}
{liftTicketType: 1jour, usageDate: Mon Dec 25 00:00:00 EST 2023, skierAge: 3} => { "cost": 35}
{liftTicketType: 1jour, usageDate: Mon Dec 25 00:00:00 EST 2023, skierAge: 4} => { "cost": 35}
{liftTicketType: 1jour, usageDate: Mon Dec 25 00:00:00 EST 2023, skierAge: 5} => { "cost": 35}
{liftTicketType: 1jour, usageDate: Mon Dec 25 00:00:00 EST 2023, skierAge: 6} => { "cost": 35}
{liftTicketType: 1jour, usageDate: Mon Dec 25 00:00:00 EST 2023, skierAge: 7} => { "cost": 35}
{liftTicketType: 1jour, usageDate: Mon Dec 25 00:00:00 EST 2023, skierAge: 8} => { "cost": 35}
{liftTicketType: 1jour, usageDate: Mon Dec 25 00:00:00 EST 2023, skierAge: 9} => { "cost": 35}
{liftTicketType: 1jour, usageDate: Mon Dec 25 00:00:00 EST 2023, skierAge: 10} => { "cost": 35}
{liftTicketType: 1jour, usageDate: Mon Dec 25 00:00:00 EST 2023, skierAge: 11} => { "cost": 35}
{liftTicketType: 1jour, usageDate: Mon Dec 25 00:00:00 EST 2023, skierAge: 12} => { "cost": 35}
{liftTicketType: 1jour, usageDate: Mon Dec 25 00:00:00 EST 2023, skierAge: 13} => { "cost": 35}
{liftTicketType: 1jour, usageDate: Mon Dec 25 00:00:00 EST 2023, skierAge: 14} => { "cost": 35}
{liftTicketType: 1jour, usageDate: Mon Dec 25 00:00:00 EST 2023, skierAge: 15} => { "cost": 35}
{liftTicketType: 1jour, usageDate: Mon Dec 25 00:00:00 EST 2023, skierAge: 16} => { "cost": 35}
{liftTicketType: 1jour, usageDate: Mon Dec 25 00:00:00 EST 2023, skierAge: 17} => { "cost": 35}
{liftTicketType: 1jour, usageDate: Mon Dec 25 00:00:00 EST 2023, skierAge: 18} => { "cost": 35}
{liftTicketType: 1jour, usageDate: Mon Dec 25 00:00:00 EST 2023, skierAge: 19} => { "cost": 35}
{liftTicketType: 1jour, usageDate: Mon Dec 25 00:00:00 EST 2023, skierAge: 20} => { "cost": 35}
{liftTicketType: 1jour, usageDate: Mon Dec 25 00:00:00 EST 2023, skierAge: 21} => { "cost": 35}
{liftTicketType: 1jour, usageDate: Mon Dec 25 00:00:00 EST 2023, skierAge: 22} => { "cost": 35}
{liftTicketType: 1jour, usageDate: Mon Dec 25 00:00:00 EST 2023, skierAge: 23} => { "cost": 35}
{liftTicketType: 1jour, usageDate: Mon Dec 25 00:00:00 EST 2023, skierAge: 24} => { "cost": 35}
{liftTicketType: 1jour, usageDate: Mon Dec 25 00:00:00 EST 2023, skierAge: 25} => { "cost": 35}
{liftTicketType: 1jour, usageDate: Mon Dec 25 00:00:00 EST 2023, skierAge: 26} => { "cost": 35}
{liftTicketType: 1jour, usageDate: Mon Dec 25 00:00:00 EST 2023, skierAge: 27} => { "cost": 35}
{liftTicketType: 1jour, usageDate: Mon Dec 25 00:00:00 EST 2023, skierAge: 28} => { "cost": 35}
{liftTicketType: 1jour, usageDate: Mon Dec 25 00:00:00 EST 2023, skierAge: 29} => { "cost": 35}
{liftTicketType: 1jour, usageDate: Mon Dec 25 00:00:00 EST 2023, skierAge: 30} => { "cost": 35}
{liftTicketType: 1jour, usageDate: Mon Dec 25 00:00:00 EST 2023, skierAge: 31} => { "cost": 35}
{liftTicketType: 1jour, usageDate: Mon Dec 25 00:00:00 EST 2023, skierAge: 32} => { "cost": 35}
{liftTicketType: 1jour, usageDate: Mon Dec 25 00:00:00 EST 2023, skierAge: 33} => { "cost": 35}
{liftTicketType: 1jour, usageDate: Mon Dec 25 00:00:00 EST 2023, skierAge: 34} => { "cost": 35}
{liftTicketType: 1jour, usageDate: Mon Dec 25 00:00:00 EST 2023, skierAge: 35} => { "cost": 35}
{liftTicketType: 1jour, usageDate: Mon Dec 25 00:00:00 EST 2023, skierAge: 36} => { "cost": 35}
{liftTicketType: 1jour, usageDate: Mon Dec 25 00:00:00 EST 2023, skierAge: 37} => { "cost": 35}
{liftTicketType: 1jour, usageDate: Mon Dec 25 00:00:00 EST 2023, skierAge: 38} => { "cost": 35}
{liftTicketType: 1jour, usageDate: Mon Dec 25 00:00:00 EST 2023, skierAge: 39} => { "cost": 35}
{liftTicketType: 1jour, usageDate: Mon Dec 25 00:00:00 EST 2023, skierAge: 40} => { "cost": 35}
{liftTicketType: 1jour, usageDate: Mon Dec 25 00:00:00 EST 2023, skierAge: 41} => { "cost": 35}
{liftTicketType: 1jour, usageDate: Mon Dec 25 00:00:00 EST 2023, skierAge: 42} => { "cost": 35}
{liftTicketType: 1jour, usageDate: Mon Dec 25 00:00:00 EST 2023, skierAge: 43} => { "cost": 35}
{liftTicketType: 1jour, usageDate: Mon Dec 25 00:00:00 EST 2023, skierAge: 44} => { "cost": 35}
{liftTicketType: 1jour, usageDate: Mon Dec 25 00:00:00 EST 2023, skierAge: 45} => { "cost": 35}
{liftTicketType: 1jour, usageDate: Mon Dec 25 00:00:00 EST 2023, skierAge: 46} => { "cost": 35}
{liftTicketType: 1jour, usageDate: Mon Dec 25 00:00:00 EST 2023, skierAge: 47} => { "cost": 35}
{liftTicketType: 1jour, usageDate: Mon Dec 25 00:00:00 EST 2023, skierAge: 48} => { "cost": 35}
{liftTicketType: 1jour, usageDate: Mon Dec 25 00:00:00 EST 2023, skierAge: 49} => { "cost": 35}
{liftTicketType: 1jour, usageDate: Mon Dec 25 00:00:00 EST 2023, skierAge: 50} => { "cost": 35}
{liftTicketType: 1jour, usageDate: Mon Dec 25 00:00:00 EST 2023, skierAge: 51} => { "cost": 35}
{liftTicketType: 1jour, usageDate: Mon Dec 25 00:00:00 EST 2023, skierAge: 52} => { "cost": 35}
{liftTicketType: 1jour, usageDate: Mon Dec 25 00:00:00 EST 2023, skierAge: 53} => { "cost": 35}
{liftTicketType: 1jour, usageDate: Mon Dec 25 00:00:00 EST 2023, skierAge: 54} => { "cost": 35}
{liftTicketType: 1jour, usageDate: Mon Dec 25 00:00:00 EST 2023, skierAge: 55} => { "cost": 35}
{liftTicketType: 1jour, usageDate: Mon Dec 25 00:00:00 EST 2023, skierAge: 56} => { "cost": 35}
{liftTicketType: 1jour, usageDate: Mon Dec 25 00:00:00 EST 2023, skierAge: 57} => { "cost": 35}
{liftTicketType: 1jour, usageDate: Mon Dec 25 00:00:00 EST 2023, skierAge: 58} => { "cost": 35}
{liftTicketType: 1jour, usageDate: Mon Dec 25 00:00:00 EST 2023, skierAge: 59} => { "cost": 35}
{liftTicketType: 1jour, usageDate: Mon Dec 25 00:00:00 EST 2023, skierAge: 60} => { "cost": 35}
{liftTicketType: 1jour, usageDate: Mon Dec 25 00:00:00 EST 2023, skierAge: 61} => { "cost": 35}
{liftTicketType: 1jour, usageDate: Mon Dec 25 00:00:00 EST 2023, skierAge: 62} => { "cost": 35}
{liftTicketType: 1jour, usageDate: Mon Dec 25 00:00:00 EST 2023, skierAge: 63} => { "cost": 35}
{liftTicketType: 1jour, usageDate: Mon Dec 25 00:00:00 EST 2023, skierAge: 64} => { "cost": 35}
{liftTicketType: 1jour, usageDate: Mon Dec 25 00:00:00 EST 2023, skierAge: 65} => { "cost": 35}
{liftTicketType: 1jour, usageDate: Mon Dec 25 00:00:00 EST 2023, skierAge: 66} => { "cost": 35}
{liftTicketType: 1jour, usageDate: Mon Dec 25 00:00:00 EST 2023, skierAge: 67} => { "cost": 35}
{liftTicketType: 1jour, usageDate: Mon Dec 25 00:00:00 EST 2023, skierAge: 68} => { "cost": 35}
{liftTicketType: 1jour, usageDate: Mon Dec 25 00:00:00 EST 2023, skierAge: 69} => { "cost": 35}
{liftTicketType: 1jour, usageDate: Mon Dec 25 00:00:00 EST 2023, skierAge: 70} => { "cost": 35}
{liftTicketType: night, usageDate: Mon Dec 25 00:00:00 EST 2023, skierAge: 1} => { "cost": 19}
{liftTicketType: night, usageDate: Mon Dec 25 00:00:00 EST 2023, skierAge: 2} => { "cost": 19}
{liftTicketType: night, usageDate: Mon Dec 25 00:00:00 EST 2023, skierAge: 3} => { "cost": 19}
{liftTicketType: night, usageDate: Mon Dec 25 00:00:00 EST 2023, skierAge: 4} => { "cost": 19}
{liftTicketType: night, usageDate: Mon Dec 25 00:00:00 EST 2023, skierAge: 5} => { "cost": 19}
{liftTicketType: night, usageDate: Mon Dec 25 00:00:00 EST 2023, skierAge: 6} => { "cost": 19}
{liftTicketType: night, usageDate: Mon Dec 25 00:00:00 EST 2023, skierAge: 7} => { "cost": 19}
{liftTicketType: night, usageDate: Mon Dec 25 00:00:00 EST 2023, skierAge: 8} => { "cost": 19}
{liftTicketType: night, usageDate: Mon Dec 25 00:00:00 EST 2023, skierAge: 9} => { "cost": 19}
{liftTicketType: night, usageDate: Mon Dec 25 00:00:00 EST 2023, skierAge: 10} => { "cost": 19}
{liftTicketType: night, usageDate: Mon Dec 25 00:00:00 EST 2023, skierAge: 11} => { "cost": 19}
{liftTicketType: night, usageDate: Mon Dec 25 00:00:00 EST 2023, skierAge: 12} => { "cost": 19}
{liftTicketType: night, usageDate: Mon Dec 25 00:00:00 EST 2023, skierAge: 13} => { "cost": 19}
{liftTicketType: night, usageDate: Mon Dec 25 00:00:00 EST 2023, skierAge: 14} => { "cost": 19}
{liftTicketType: night, usageDate: Mon Dec 25 00:00:00 EST 2023, skierAge: 15} => { "cost": 19}
{liftTicketType: night, usageDate: Mon Dec 25 00:00:00 EST 2023, skierAge: 16} => { "cost": 19}
{liftTicketType: night, usageDate: Mon Dec 25 00:00:00 EST 2023, skierAge: 17} => { "cost": 19}
{liftTicketType: night, usageDate: Mon Dec 25 00:00:00 EST 2023, skierAge: 18} => { "cost": 19}
{liftTicketType: night, usageDate: Mon Dec 25 00:00:00 EST 2023, skierAge: 19} => { "cost": 19}
{liftTicketType: night, usageDate: Mon Dec 25 00:00:00 EST 2023, skierAge: 20} => { "cost": 19}
{liftTicketType: night, usageDate: Mon Dec 25 00:00:00 EST 2023, skierAge: 21} => { "cost": 19}
{liftTicketType: night, usageDate: Mon Dec 25 00:00:00 EST 2023, skierAge: 22} => { "cost": 19}
{liftTicketType: night, usageDate: Mon Dec 25 00:00:00 EST 2023, skierAge: 23} => { "cost": 19}
{liftTicketType: night, usageDate: Mon Dec 25 00:00:00 EST 2023, skierAge: 24} => { "cost": 19}
{liftTicketType: night, usageDate: Mon Dec 25 00:00:00 EST 2023, skierAge: 25} => { "cost": 19}
{liftTicketType: night, usageDate: Mon Dec 25 00:00:00 EST 2023, skierAge: 26} => { "cost": 19}
{liftTicketType: night, usageDate: Mon Dec 25 00:00:00 EST 2023, skierAge: 27} => { "cost": 19}
{liftTicketType: night, usageDate: Mon Dec 25 00:00:00 EST 2023, skierAge: 28} => { "cost": 19}
{liftTicketType: night, usageDate: Mon Dec 25 00:00:00 EST 2023, skierAge: 29} => { "cost": 19}
{liftTicketType: night, usageDate: Mon Dec 25 00:00:00 EST 2023, skierAge: 30} => { "cost": 19}
{liftTicketType: night, usageDate: Mon Dec 25 00:00:00 EST 2023, skierAge: 31} => { "cost": 19}
{liftTicketType: night, usageDate: Mon Dec 25 00:00:00 EST 2023, skierAge: 32} => { "cost": 19}
{liftTicketType: night, usageDate: Mon Dec 25 00:00:00 EST 2023, skierAge: 33} => { "cost": 19}
{liftTicketType: night, usageDate: Mon Dec 25 00:00:00 EST 2023, skierAge: 34} => { "cost": 19}
{liftTicketType: night, usageDate: Mon Dec 25 00:00:00 EST 2023, skierAge: 35} => { "cost": 19}
{liftTicketType: night, usageDate: Mon Dec 25 00:00:00 EST 2023, skierAge: 36} => { "cost": 19}
{liftTicketType: night, usageDate: Mon Dec 25 00:00:00 EST 2023, skierAge: 37} => { "cost": 19}
{liftTicketType: night, usageDate: Mon Dec 25 00:00:00 EST 2023, skierAge: 38} => { "cost": 19}
{liftTicketType: night, usageDate: Mon Dec 25 00:00:00 EST 2023, skierAge: 39} => { "cost": 19}
{liftTicketType: night, usageDate: Mon Dec 25 00:00:00 EST 2023, skierAge: 40} => { "cost": 19}
{liftTicketType: night, usageDate: Mon Dec 25 00:00:00 EST 2023, skierAge: 41} => { "cost": 19}
{liftTicketType: night, usageDate: Mon Dec 25 00:00:00 EST 2023, skierAge: 42} => { "cost": 19}
{liftTicketType: night, usageDate: Mon Dec 25 00:00:00 EST 2023, skierAge: 43} => { "cost": 19}
{liftTicketType: night, usageDate: Mon Dec 25 00:00:00 EST 2023, skierAge: 44} => { "cost": 19}
{liftTicketType: night, usageDate: Mon Dec 25 00:00:00 EST 2023, skierAge: 45} => { "cost": 19}
{liftTicketType: night, usageDate: Mon Dec 25 00:00:00 EST 2023, skierAge: 46} => { "cost": 19}
{liftTicketType: night, usageDate: Mon Dec 25 00:00:00 EST 2023, skierAge: 47} => { "cost": 19}
{liftTicketType: night, usageDate: Mon Dec 25 00:00:00 EST 2023, skierAge: 48} => { "cost": 19}
{liftTicketType: night, usageDate: Mon Dec 25 00:00:00 EST 2023, skierAge: 49} => { "cost": 19}
{liftTicketType: night, usageDate: Mon Dec 25 00:00:00 EST 2023, skierAge: 50} => { "cost": 19}
{liftTicketType: night, usageDate: Mon Dec 25 00:00:00 EST 2023, skierAge: 51} => { "cost": 19}
{liftTicketType: night, usageDate: Mon Dec 25 00:00:00 EST 2023, skierAge: 52} => { "cost": 19}
{liftTicketType: night, usageDate: Mon Dec 25 00:00:00 EST 2023, skierAge: 53} => { "cost": 19}
{liftTicketType: night, usageDate: Mon Dec 25 00:00:00 EST 2023, skierAge: 54} => { "cost": 19}
{liftTicketType: night, usageDate: Mon Dec 25 00:00:00 EST 2023, skierAge: 55} => { "cost": 19}
{liftTicketType: night, usageDate: Mon Dec 25 00:00:00 EST 2023, skierAge: 56} => { "cost": 19}
{liftTicketType: night, usageDate: Mon Dec 25 00:00:00 EST 2023, skierAge: 57} => { "cost": 19}
{liftTicketType: night, usageDate: Mon Dec 25 00:00:00 EST 2023, skierAge: 58} => { "cost": 19}
{liftTicketType: night, usageDate: Mon Dec 25 00:00:00 EST 2023, skierAge: 59} => { "cost": 19}
{liftTicketType: night, usageDate: Mon Dec 25 00:00:00 EST 2023, skierAge: 60} => { "cost": 19}
{liftTicketType: night, usageDate: Mon Dec 25 00:00:00 EST 2023, skierAge: 61} => { "cost": 19}
{liftTicketType: night, usageDate: Mon Dec 25 00:00:00 EST 2023, skierAge: 62} => { "cost": 19}
{liftTicketType: night, usageDate: Mon Dec 25 00:00:00 EST 2023, skierAge: 63} => { "cost": 19}
{liftTicketType: night, usageDate: Mon Dec 25 00:00:00 EST 2023, skierAge: 64} => { "cost": 19}
{liftTicketType: night, usageDate: Mon Dec 25 00:00:00 EST 2023, skierAge: 65} => { "cost": 19}
{liftTicketType: night, usageDate: Mon Dec 25 00:00:00 EST 2023, skierAge: 66} => { "cost": 19}
{liftTicketType: night, usageDate: Mon Dec 25 00:00:00 EST 2023, skierAge: 67} => { "cost": 19}
{liftTicketType: night, usageDate: Mon Dec 25 00:00:00 EST 2023, skierAge: 68} => { "cost": 19}
{liftTicketType: night, usageDate: Mon Dec 25 00:00:00 EST 2023, skierAge: 69} => { "cost": 19}
{liftTicketType: night, usageDate: Mon Dec 25 00:00:00 EST 2023, skierAge: 70} => { "cost": 19}
